// Vitest Snapshot v1, https://vitest.dev/guide/snapshot.html

exports[`Label component > renders the correct text 1`] = `
<label
  class="label"
  htmlformelement="label"
>
  Test Label
</label>
`;
