// Vitest Snapshot v1, https://vitest.dev/guide/snapshot.html

exports[`Button > renders the correct text 1`] = `null`;
