// Vitest Snapshot v1, https://vitest.dev/guide/snapshot.html

exports[`Typograph > renders the correct text 1`] = `
<p
  class="_typography_a4eef9undefined"
>
  Hello World
</p>
`;
